Running Gradle task 'assembleDebug'...                            404.5s
ΓêÜ Built build\app\outputs\flutter-apk\app-debug.apk
